// Jest Snapshot v1, https://goo.gl/fbAQLP

exports[`Should render header 1`] = `
<header>
  <h1>
    Expensify
  </h1>
  <nav>
    <NavLink
      activeClassName="is-active"
      aria-current="page"
      exact={true}
      to="/"
    >
      Dashboard
    </NavLink>
    <NavLink
      activeClassName="is-active"
      aria-current="page"
      to="/create"
    >
      Add Expense
    </NavLink>
    <NavLink
      activeClassName="is-active"
      aria-current="page"
      to="/help"
    >
      Help
    </NavLink>
  </nav>
</header>
`;
